2026-04-11 11:07:08:78 [31merror[39m: [31mFailed to start server: argument handler must be a function[39m
2026-04-11 11:07:09:79 [31merror[39m: [31mFailed to start server: argument handler must be a function[39m
2026-04-11 11:07:25:725 [31merror[39m: [31mFailed to start server: argument handler must be a function[39m
2026-04-11 11:07:36:736 [31merror[39m: [31mFailed to start server: argument handler must be a function[39m
2026-04-11 11:07:36:736 [31merror[39m: [31mFailed to start server: argument handler must be a function[39m
2026-04-11 11:07:55:755 [31merror[39m: [31mFailed to start server: argument handler must be a function[39m
2026-04-11 11:08:23:823 [31merror[39m: [31mFailed to start server: argument handler must be a function[39m
2026-04-11 11:08:24:824 [31merror[39m: [31mFailed to start server: argument handler must be a function[39m
2026-04-11 11:09:30:930 [31merror[39m: [31mFailed to start server: argument handler must be a function[39m
2026-04-11 11:09:30:930 [31merror[39m: [31mFailed to start server: argument handler must be a function[39m
2026-04-11 11:10:20:1020 [31merror[39m: [31mFailed to start server: argument handler must be a function[39m
2026-04-11 11:12:49:1249 [31merror[39m: [31mFailed to start server: argument handler must be a function[39m
2026-04-11 11:12:50:1250 [31merror[39m: [31mFailed to start server: argument handler must be a function[39m
2026-04-11 11:12:50:1250 [31merror[39m: [31mFailed to start server: argument handler must be a function[39m
2026-04-11 11:13:21:1321 [31merror[39m: [31mFailed to start server: argument handler must be a function[39m
2026-04-11 11:14:41:1441 [31merror[39m: [31mFailed to start server: getRequests is not defined[39m
2026-04-11 11:14:41:1441 [31merror[39m: [31mFailed to start server: getRequests is not defined[39m
2026-04-11 11:14:41:1441 [31merror[39m: [31mFailed to start server: getRequests is not defined[39m
2026-04-11 11:14:59:1459 [31merror[39m: [31mFailed to start server: getRequests is not defined[39m
2026-04-11 11:15:46:1546 [31merror[39m: [31mUNCAUGHT EXCEPTION! 💥 Shutting down...[39m
2026-04-11 11:15:46:1546 [31merror[39m: [31mUNCAUGHT EXCEPTION! 💥 Shutting down...[39m
2026-04-11 11:15:48:1548 [31merror[39m: [31mUNCAUGHT EXCEPTION! 💥 Shutting down...[39m
2026-04-11 11:15:57:1557 [31merror[39m: [31mUNCAUGHT EXCEPTION! 💥 Shutting down...[39m
2026-04-11 11:16:00:160 [31merror[39m: [31mTypeError: Cannot set property query of #<IncomingMessage> which has only a getter[39m
[31m    at C:\Users\darsh\OneDrive\Desktop\Campus Hub\backend\node_modules\express-mongo-sanitize\index.js:113:18[39m
[31m    at Array.forEach (<anonymous>)[39m
[31m    at C:\Users\darsh\OneDrive\Desktop\Campus Hub\backend\node_modules\express-mongo-sanitize\index.js:110:44[39m
[31m    at Layer.handleRequest (C:\Users\darsh\OneDrive\Desktop\Campus Hub\backend\node_modules\router\lib\layer.js:152:17)[39m
[31m    at trimPrefix (C:\Users\darsh\OneDrive\Desktop\Campus Hub\backend\node_modules\router\index.js:342:13)[39m
[31m    at C:\Users\darsh\OneDrive\Desktop\Campus Hub\backend\node_modules\router\index.js:297:9[39m
[31m    at processParams (C:\Users\darsh\OneDrive\Desktop\Campus Hub\backend\node_modules\router\index.js:582:12)[39m
[31m    at next (C:\Users\darsh\OneDrive\Desktop\Campus Hub\backend\node_modules\router\index.js:291:5)[39m
[31m    at internalNext (C:\Users\darsh\OneDrive\Desktop\Campus Hub\backend\node_modules\helmet\index.cjs:531:6)[39m
[31m    at xXssProtectionMiddleware (C:\Users\darsh\OneDrive\Desktop\Campus Hub\backend\node_modules\helmet\index.cjs:311:3)[39m
2026-04-11 11:16:44:1644 [31merror[39m: [31mUNCAUGHT EXCEPTION! 💥 Shutting down...[39m
2026-04-11 11:16:44:1644 [31merror[39m: [31mUNCAUGHT EXCEPTION! 💥 Shutting down...[39m
2026-04-11 11:16:45:1645 [31merror[39m: [31mUNCAUGHT EXCEPTION! 💥 Shutting down...[39m
2026-04-11 11:17:02:172 [31merror[39m: [31mUNCAUGHT EXCEPTION! 💥 Shutting down...[39m
2026-04-11 11:17:02:172 [31merror[39m: [31mUNCAUGHT EXCEPTION! 💥 Shutting down...[39m
2026-04-11 11:17:02:172 [31merror[39m: [31mUNCAUGHT EXCEPTION! 💥 Shutting down...[39m
2026-04-11 11:17:03:173 [31merror[39m: [31mTypeError: Cannot set property query of #<IncomingMessage> which has only a getter[39m
[31m    at C:\Users\darsh\OneDrive\Desktop\Campus Hub\backend\node_modules\express-mongo-sanitize\index.js:113:18[39m
[31m    at Array.forEach (<anonymous>)[39m
[31m    at C:\Users\darsh\OneDrive\Desktop\Campus Hub\backend\node_modules\express-mongo-sanitize\index.js:110:44[39m
[31m    at Layer.handleRequest (C:\Users\darsh\OneDrive\Desktop\Campus Hub\backend\node_modules\router\lib\layer.js:152:17)[39m
[31m    at trimPrefix (C:\Users\darsh\OneDrive\Desktop\Campus Hub\backend\node_modules\router\index.js:342:13)[39m
[31m    at C:\Users\darsh\OneDrive\Desktop\Campus Hub\backend\node_modules\router\index.js:297:9[39m
[31m    at processParams (C:\Users\darsh\OneDrive\Desktop\Campus Hub\backend\node_modules\router\index.js:582:12)[39m
[31m    at next (C:\Users\darsh\OneDrive\Desktop\Campus Hub\backend\node_modules\router\index.js:291:5)[39m
[31m    at internalNext (C:\Users\darsh\OneDrive\Desktop\Campus Hub\backend\node_modules\helmet\index.cjs:531:6)[39m
[31m    at xXssProtectionMiddleware (C:\Users\darsh\OneDrive\Desktop\Campus Hub\backend\node_modules\helmet\index.cjs:311:3)[39m
2026-04-11 11:17:43:1743 [31merror[39m: [31mUNCAUGHT EXCEPTION! 💥 Shutting down...[39m
2026-04-11 11:17:44:1744 [31merror[39m: [31mUNCAUGHT EXCEPTION! 💥 Shutting down...[39m
2026-04-11 11:17:47:1747 [31merror[39m: [31mUNCAUGHT EXCEPTION! 💥 Shutting down...[39m
2026-04-11 11:31:26:3126 [31merror[39m: [31mUNCAUGHT EXCEPTION! 💥 Shutting down...[39m
2026-04-11 11:31:39:3139 [31merror[39m: [31mUNCAUGHT EXCEPTION! 💥 Shutting down...[39m
2026-04-11 11:31:41:3141 [31merror[39m: [31mUNCAUGHT EXCEPTION! 💥 Shutting down...[39m
2026-04-11 11:31:41:3141 [31merror[39m: [31mUNCAUGHT EXCEPTION! 💥 Shutting down...[39m
2026-04-11 11:31:47:3147 [31merror[39m: [31mUNCAUGHT EXCEPTION! 💥 Shutting down...[39m
2026-04-11 11:31:59:3159 [31merror[39m: [31mUNCAUGHT EXCEPTION! 💥 Shutting down...[39m
2026-04-11 11:32:00:320 [31merror[39m: [31mUNCAUGHT EXCEPTION! 💥 Shutting down...[39m
2026-04-11 11:32:03:323 [31merror[39m: [31mUNCAUGHT EXCEPTION! 💥 Shutting down...[39m
2026-04-11 11:32:37:3237 [31merror[39m: [31mUNCAUGHT EXCEPTION! 💥 Shutting down...[39m
2026-04-11 11:32:37:3237 [31merror[39m: [31mUNCAUGHT EXCEPTION! 💥 Shutting down...[39m
2026-04-11 11:32:37:3237 [31merror[39m: [31mUNCAUGHT EXCEPTION! 💥 Shutting down...[39m
2026-04-11 11:32:37:3237 [31merror[39m: [31mUNCAUGHT EXCEPTION! 💥 Shutting down...[39m
2026-04-11 11:33:07:337 [31merror[39m: [31mUNCAUGHT EXCEPTION! 💥 Shutting down...[39m
2026-04-11 11:33:07:337 [31merror[39m: [31mUNCAUGHT EXCEPTION! 💥 Shutting down...[39m
2026-04-11 11:33:08:338 [31merror[39m: [31mUNCAUGHT EXCEPTION! 💥 Shutting down...[39m
2026-04-11 11:33:14:3314 [31merror[39m: [31mUNCAUGHT EXCEPTION! 💥 Shutting down...[39m
2026-04-11 11:34:42:3442 [31merror[39m: [31mUNCAUGHT EXCEPTION! 💥 Shutting down...[39m
2026-04-11 11:34:46:3446 [31merror[39m: [31mUNCAUGHT EXCEPTION! 💥 Shutting down...[39m
2026-04-11 11:34:47:3447 [31merror[39m: [31mUNCAUGHT EXCEPTION! 💥 Shutting down...[39m
2026-04-11 11:34:47:3447 [31merror[39m: [31mUNCAUGHT EXCEPTION! 💥 Shutting down...[39m
2026-04-11 13:42:28:4228 [31merror[39m: [31mUNCAUGHT EXCEPTION! 💥 Shutting down...[39m
2026-04-11 14:44:56:4456 [31merror[39m: [31mCastError: Cast to ObjectId failed for value "undefined" (type string) at path "_id" for model "SOS"[39m
[31m    at SchemaObjectId.cast (C:\Users\darsh\OneDrive\Desktop\Campus Hub\backend\node_modules\mongoose\lib\schema\objectId.js:252:11)[39m
[31m    at SchemaType.applySetters (C:\Users\darsh\OneDrive\Desktop\Campus Hub\backend\node_modules\mongoose\lib\schemaType.js:1320:12)[39m
[31m    at SchemaType.castForQuery (C:\Users\darsh\OneDrive\Desktop\Campus Hub\backend\node_modules\mongoose\lib\schemaType.js:1746:17)[39m
[31m    at cast (C:\Users\darsh\OneDrive\Desktop\Campus Hub\backend\node_modules\mongoose\lib\cast.js:386:32)[39m
[31m    at Query.cast (C:\Users\darsh\OneDrive\Desktop\Campus Hub\backend\node_modules\mongoose\lib\query.js:5127:12)[39m
[31m    at Query._castConditions (C:\Users\darsh\OneDrive\Desktop\Campus Hub\backend\node_modules\mongoose\lib\query.js:2376:10)[39m
[31m    at model.Query._findOne (C:\Users\darsh\OneDrive\Desktop\Campus Hub\backend\node_modules\mongoose\lib\query.js:2716:8)[39m
[31m    at model.Query.exec (C:\Users\darsh\OneDrive\Desktop\Campus Hub\backend\node_modules\mongoose\lib\query.js:4726:80)[39m
[31m    at process.processTicksAndRejections (node:internal/process/task_queues:105:5)[39m
[31m    at async exports.cancelSOS (C:\Users\darsh\OneDrive\Desktop\Campus Hub\backend\src\modules\sos\sos.controller.js:64:17)[39m
2026-04-11 14:44:58:4458 [31merror[39m: [31mCastError: Cast to ObjectId failed for value "undefined" (type string) at path "_id" for model "SOS"[39m
[31m    at SchemaObjectId.cast (C:\Users\darsh\OneDrive\Desktop\Campus Hub\backend\node_modules\mongoose\lib\schema\objectId.js:252:11)[39m
[31m    at SchemaType.applySetters (C:\Users\darsh\OneDrive\Desktop\Campus Hub\backend\node_modules\mongoose\lib\schemaType.js:1320:12)[39m
[31m    at SchemaType.castForQuery (C:\Users\darsh\OneDrive\Desktop\Campus Hub\backend\node_modules\mongoose\lib\schemaType.js:1746:17)[39m
[31m    at cast (C:\Users\darsh\OneDrive\Desktop\Campus Hub\backend\node_modules\mongoose\lib\cast.js:386:32)[39m
[31m    at Query.cast (C:\Users\darsh\OneDrive\Desktop\Campus Hub\backend\node_modules\mongoose\lib\query.js:5127:12)[39m
[31m    at Query._castConditions (C:\Users\darsh\OneDrive\Desktop\Campus Hub\backend\node_modules\mongoose\lib\query.js:2376:10)[39m
[31m    at model.Query._findOne (C:\Users\darsh\OneDrive\Desktop\Campus Hub\backend\node_modules\mongoose\lib\query.js:2716:8)[39m
[31m    at model.Query.exec (C:\Users\darsh\OneDrive\Desktop\Campus Hub\backend\node_modules\mongoose\lib\query.js:4726:80)[39m
[31m    at process.processTicksAndRejections (node:internal/process/task_queues:105:5)[39m
[31m    at async exports.cancelSOS (C:\Users\darsh\OneDrive\Desktop\Campus Hub\backend\src\modules\sos\sos.controller.js:64:17)[39m
2026-04-17 20:07:46:746 [31merror[39m: [31mUNCAUGHT EXCEPTION! 💥 Shutting down...[39m
